###############################################################################
#
# IAR ELF Linker V8.11.2.13589/W32 for ARM                06/Jul/2017  17:23:31
# Copyright 2007-2017 IAR Systems AB.
#
#    Output file  =  
#        C:\Users\7010master\Documents\IoT_Device_Dev\Cortex-M3\Debug\Exe\QuickStart.out
#    Map file     =  
#        C:\Users\7010master\Documents\IoT_Device_Dev\Cortex-M3\Debug\List\QuickStart.map
#    Command line =  
#        -f C:\Users\7010MA~1\AppData\Local\Temp\EWBA80.tmp
#        (C:\Users\7010master\Documents\IoT_Device_Dev\Cortex-M3\Debug\Obj\main.o
#        -o
#        C:\Users\7010master\Documents\IoT_Device_Dev\Cortex-M3\Debug\Exe\QuickStart.out
#        --redirect _Printf=_PrintfFullNoMb --redirect _Scanf=_ScanfFullNoMb
#        --map
#        C:\Users\7010master\Documents\IoT_Device_Dev\Cortex-M3\Debug\List\QuickStart.map
#        --config "C:\Program Files\IAR Systems\Embedded Workbench
#        8.0\arm\config\linker\ST\stm32f103xB.icf" --semihosting --entry
#        __iar_program_start --vfe --text_out locale)
#
###############################################################################

*******************************************************************************
*** RUNTIME MODEL ATTRIBUTES
***

CppFlavor       = *
__SystemLibrary = DLib
__dlib_version  = 6


*******************************************************************************
*** HEAP SELECTION
***

The basic heap was selected because no calls to memory allocation
functions were found in the application outside of system library
functions, and there are calls to deallocation functions in the
application.


*******************************************************************************
*** PLACEMENT SUMMARY
***

"A0":  place at 0x08000000 { ro section .intvec };
"P1":  place in [from 0x08000000 to 0x0801ffff] { ro };
define block CSTACK with size = 2K, alignment = 8 { };
define block HEAP with size = 2K, alignment = 8 { };
"P2":  place in [from 0x20000000 to 0x20004fff] {
          rw, block CSTACK, block HEAP };

  Section   Kind        Address   Size  Object
  -------   ----        -------   ----  ------
"A0":                             0x40
  .intvec   ro code  0x08000000   0x40  vector_table_M.o [4]
                   - 0x08000040   0x40

"P1":                             0xb8
  .text     ro code  0x08000040   0x68  main.o [1]
  .text     ro code  0x080000a8   0x1a  cmain.o [4]
  .text     ro code  0x080000c2    0x4  low_level_init.o [3]
  .text     ro code  0x080000c6    0x4  exit.o [3]
  .text     ro code  0x080000ca    0x2  vector_table_M.o [4]
  .text     ro code  0x080000cc    0xa  cexit.o [4]
  .text     ro code  0x080000d8   0x14  exit.o [5]
  .text     ro code  0x080000ec    0xc  cstartup_M.o [4]
                   - 0x080000f8   0xb8

"P2":                            0x800
  CSTACK             0x20000000  0x800  <Block>
    CSTACK  uninit   0x20000000  0x800  <Block tail>
                   - 0x20000800  0x800



*******************************************************************************
*** MODULE SUMMARY
***

    Module            ro code  rw data
    ------            -------  -------
C:\Users\7010master\Documents\IoT_Device_Dev\Cortex-M3\Debug\Obj: [1]
    main.o                104
    ----------------------------------
    Total:                104

command line: [2]
    ----------------------------------
    Total:

dl7M_tln.a: [3]
    exit.o                  4
    low_level_init.o        4
    ----------------------------------
    Total:                  8

rt7M_tl.a: [4]
    cexit.o                10
    cmain.o                26
    cstartup_M.o           12
    vector_table_M.o       66
    ----------------------------------
    Total:                114

shb_l.a: [5]
    exit.o                 20
    ----------------------------------
    Total:                 20

    Gaps                    2
    Linker created               2 048
--------------------------------------
    Grand Total:          248    2 048


*******************************************************************************
*** ENTRY LIST
***

Entry                      Address  Size  Type      Object
-----                      -------  ----  ----      ------
?main                   0x080000a9        Code  Gb  cmain.o [4]
CSTACK$$Base            0x20000000         --   Gb  - Linker created -
CSTACK$$Limit           0x20000800         --   Gb  - Linker created -
Region$$Table$$Base     0x00000000         --   Gb  - Linker created -
Region$$Table$$Limit    0x00000000         --   Gb  - Linker created -
__cmain                 0x080000a9        Code  Gb  cmain.o [4]
__exit                  0x080000d9  0x14  Code  Gb  exit.o [5]
__iar_program_start     0x080000ed        Code  Gb  cstartup_M.o [4]
__iar_systems$$module {Abs}
                        0x00000001        Data  Gb  command line/config [2]
__low_level_init        0x080000c3   0x4  Code  Gb  low_level_init.o [3]
__vector_table          0x08000000        Data  Gb  vector_table_M.o [4]
_call_main              0x080000b5        Code  Gb  cmain.o [4]
_exit                   0x080000cd        Code  Gb  cexit.o [4]
_main                   0x080000bf        Code  Gb  cmain.o [4]
delay                   0x08000041   0xa  Code  Gb  main.o [1]
exit                    0x080000c7   0x4  Code  Gb  exit.o [3]
main                    0x0800004b  0x4c  Code  Gb  main.o [1]


[1] = C:\Users\7010master\Documents\IoT_Device_Dev\Cortex-M3\Debug\Obj
[2] = command line
[3] = dl7M_tln.a
[4] = rt7M_tl.a
[5] = shb_l.a

    248 bytes of readonly  code memory
  2 048 bytes of readwrite data memory

Errors: none
Warnings: none
