###############################################################################
#
# IAR ELF Linker V8.11.2.13589/W32 for ARM                10/Jul/2017  17:15:18
# Copyright 2007-2017 IAR Systems AB.
#
#    Output file  =  
#        C:\Users\7010master\Documents\IoT_Device_Dev\Cortex-M3\Debug\Exe\QuickStart.out
#    Map file     =  
#        C:\Users\7010master\Documents\IoT_Device_Dev\Cortex-M3\Debug\List\QuickStart.map
#    Command line =  
#        -f C:\Users\7010MA~1\AppData\Local\Temp\EWF8DC.tmp
#        (C:\Users\7010master\Documents\IoT_Device_Dev\Cortex-M3\Debug\Obj\main.o
#        C:\Users\7010master\Documents\IoT_Device_Dev\Cortex-M3\Debug\Obj\stm32f10x_gpio.o
#        C:\Users\7010master\Documents\IoT_Device_Dev\Cortex-M3\Debug\Obj\stm32f10x_rcc.o
#        -o
#        C:\Users\7010master\Documents\IoT_Device_Dev\Cortex-M3\Debug\Exe\QuickStart.out
#        --redirect _Printf=_PrintfFullNoMb --redirect _Scanf=_ScanfFullNoMb
#        --map
#        C:\Users\7010master\Documents\IoT_Device_Dev\Cortex-M3\Debug\List\QuickStart.map
#        --config "C:\Program Files\IAR Systems\Embedded Workbench
#        8.0\arm\config\linker\ST\stm32f103xB.icf" --semihosting --entry
#        __iar_program_start --vfe --text_out locale)
#
###############################################################################

*******************************************************************************
*** RUNTIME MODEL ATTRIBUTES
***

CppFlavor       = *
__SystemLibrary = DLib
__dlib_version  = 6


*******************************************************************************
*** HEAP SELECTION
***

The basic heap was selected because no calls to memory allocation
functions were found in the application outside of system library
functions, and there are calls to deallocation functions in the
application.


*******************************************************************************
*** PLACEMENT SUMMARY
***

"A0":  place at 0x08000000 { ro section .intvec };
"P1":  place in [from 0x08000000 to 0x0801ffff] { ro };
define block CSTACK with size = 2K, alignment = 8 { };
define block HEAP with size = 2K, alignment = 8 { };
"P2":  place in [from 0x20000000 to 0x20004fff] {
          rw, block CSTACK, block HEAP };

  Section   Kind        Address   Size  Object
  -------   ----        -------   ----  ------
"A0":                             0x40
  .intvec   ro code  0x08000000   0x40  vector_table_M.o [4]
                   - 0x08000040   0x40

"P1":                            0x18c
  .text     ro code  0x08000040   0xda  stm32f10x_gpio.o [1]
  .text     ro code  0x0800011a    0x2  vector_table_M.o [4]
  .text     ro code  0x0800011c   0x3c  main.o [1]
  .text     ro code  0x08000158   0x24  stm32f10x_rcc.o [1]
  .text     ro code  0x0800017c   0x1a  cmain.o [4]
  .text     ro code  0x08000196    0x4  low_level_init.o [3]
  .text     ro code  0x0800019a    0x4  exit.o [3]
  .text     ro code  0x080001a0    0xa  cexit.o [4]
  .text     ro code  0x080001ac   0x14  exit.o [5]
  .text     ro code  0x080001c0    0xc  cstartup_M.o [4]
                   - 0x080001cc  0x18c

"P2":                            0x800
  CSTACK             0x20000000  0x800  <Block>
    CSTACK  uninit   0x20000000  0x800  <Block tail>
                   - 0x20000800  0x800



*******************************************************************************
*** MODULE SUMMARY
***

    Module            ro code  rw data
    ------            -------  -------
C:\Users\7010master\Documents\IoT_Device_Dev\Cortex-M3\Debug\Obj: [1]
    main.o                 60
    stm32f10x_gpio.o      218
    stm32f10x_rcc.o        36
    ----------------------------------
    Total:                314

command line: [2]
    ----------------------------------
    Total:

dl7M_tln.a: [3]
    exit.o                  4
    low_level_init.o        4
    ----------------------------------
    Total:                  8

rt7M_tl.a: [4]
    cexit.o                10
    cmain.o                26
    cstartup_M.o           12
    vector_table_M.o       66
    ----------------------------------
    Total:                114

shb_l.a: [5]
    exit.o                 20
    ----------------------------------
    Total:                 20

    Gaps                    4
    Linker created               2 048
--------------------------------------
    Grand Total:          460    2 048


*******************************************************************************
*** ENTRY LIST
***

Entry                      Address  Size  Type      Object
-----                      -------  ----  ----      ------
?main                   0x0800017d        Code  Gb  cmain.o [4]
CSTACK$$Base            0x20000000         --   Gb  - Linker created -
CSTACK$$Limit           0x20000800         --   Gb  - Linker created -
GPIO_Init               0x08000041  0xc4  Code  Gb  stm32f10x_gpio.o [1]
GPIO_SetBits            0x08000115   0x6  Code  Gb  stm32f10x_gpio.o [1]
GPIO_StructInit         0x08000105  0x10  Code  Gb  stm32f10x_gpio.o [1]
RCC_APB2PeriphClockCmd  0x08000159  0x20  Code  Gb  stm32f10x_rcc.o [1]
Region$$Table$$Base     0x00000000         --   Gb  - Linker created -
Region$$Table$$Limit    0x00000000         --   Gb  - Linker created -
__cmain                 0x0800017d        Code  Gb  cmain.o [4]
__exit                  0x080001ad  0x14  Code  Gb  exit.o [5]
__iar_program_start     0x080001c1        Code  Gb  cstartup_M.o [4]
__iar_systems$$module {Abs}
                        0x00000001        Data  Gb  command line/config [2]
__low_level_init        0x08000197   0x4  Code  Gb  low_level_init.o [3]
__vector_table          0x08000000        Data  Gb  vector_table_M.o [4]
_call_main              0x08000189        Code  Gb  cmain.o [4]
_exit                   0x080001a1        Code  Gb  cexit.o [4]
_main                   0x08000193        Code  Gb  cmain.o [4]
exit                    0x0800019b   0x4  Code  Gb  exit.o [3]
main                    0x0800011d  0x3c  Code  Gb  main.o [1]


[1] = C:\Users\7010master\Documents\IoT_Device_Dev\Cortex-M3\Debug\Obj
[2] = command line
[3] = dl7M_tln.a
[4] = rt7M_tl.a
[5] = shb_l.a

    460 bytes of readonly  code memory
  2 048 bytes of readwrite data memory

Errors: none
Warnings: none
