###############################################################################
#
# IAR ELF Linker V8.11.2.13589/W32 for ARM                10/Jul/2017  09:42:11
# Copyright 2007-2017 IAR Systems AB.
#
#    Output file  =  
#        C:\Users\7010master\Documents\IoT_Device_Dev\Cortex-M3\STM32_Nucleo_FW_V1.2.1\Projects\NUCLEO-F103RB\IO_Toggle\EWARM\IO_Toggle\Exe\IO_Toggle.out
#    Map file     =  
#        C:\Users\7010master\Documents\IoT_Device_Dev\Cortex-M3\STM32_Nucleo_FW_V1.2.1\Projects\NUCLEO-F103RB\IO_Toggle\EWARM\IO_Toggle\List\IO_Toggle.map
#    Command line =  
#        -f C:\Users\7010MA~1\AppData\Local\Temp\EW1A74.tmp
#        (C:\Users\7010master\Documents\IoT_Device_Dev\Cortex-M3\STM32_Nucleo_FW_V1.2.1\Projects\NUCLEO-F103RB\IO_Toggle\EWARM\IO_Toggle\Obj\main.o
#        C:\Users\7010master\Documents\IoT_Device_Dev\Cortex-M3\STM32_Nucleo_FW_V1.2.1\Projects\NUCLEO-F103RB\IO_Toggle\EWARM\IO_Toggle\Obj\misc.o
#        C:\Users\7010master\Documents\IoT_Device_Dev\Cortex-M3\STM32_Nucleo_FW_V1.2.1\Projects\NUCLEO-F103RB\IO_Toggle\EWARM\IO_Toggle\Obj\startup_stm32f10x_md.o
#        C:\Users\7010master\Documents\IoT_Device_Dev\Cortex-M3\STM32_Nucleo_FW_V1.2.1\Projects\NUCLEO-F103RB\IO_Toggle\EWARM\IO_Toggle\Obj\stm32f10x_adc.o
#        C:\Users\7010master\Documents\IoT_Device_Dev\Cortex-M3\STM32_Nucleo_FW_V1.2.1\Projects\NUCLEO-F103RB\IO_Toggle\EWARM\IO_Toggle\Obj\stm32f10x_bkp.o
#        C:\Users\7010master\Documents\IoT_Device_Dev\Cortex-M3\STM32_Nucleo_FW_V1.2.1\Projects\NUCLEO-F103RB\IO_Toggle\EWARM\IO_Toggle\Obj\stm32f10x_can.o
#        C:\Users\7010master\Documents\IoT_Device_Dev\Cortex-M3\STM32_Nucleo_FW_V1.2.1\Projects\NUCLEO-F103RB\IO_Toggle\EWARM\IO_Toggle\Obj\stm32f10x_cec.o
#        C:\Users\7010master\Documents\IoT_Device_Dev\Cortex-M3\STM32_Nucleo_FW_V1.2.1\Projects\NUCLEO-F103RB\IO_Toggle\EWARM\IO_Toggle\Obj\stm32f10x_crc.o
#        C:\Users\7010master\Documents\IoT_Device_Dev\Cortex-M3\STM32_Nucleo_FW_V1.2.1\Projects\NUCLEO-F103RB\IO_Toggle\EWARM\IO_Toggle\Obj\stm32f10x_dac.o
#        C:\Users\7010master\Documents\IoT_Device_Dev\Cortex-M3\STM32_Nucleo_FW_V1.2.1\Projects\NUCLEO-F103RB\IO_Toggle\EWARM\IO_Toggle\Obj\stm32f10x_dbgmcu.o
#        C:\Users\7010master\Documents\IoT_Device_Dev\Cortex-M3\STM32_Nucleo_FW_V1.2.1\Projects\NUCLEO-F103RB\IO_Toggle\EWARM\IO_Toggle\Obj\stm32f10x_dma.o
#        C:\Users\7010master\Documents\IoT_Device_Dev\Cortex-M3\STM32_Nucleo_FW_V1.2.1\Projects\NUCLEO-F103RB\IO_Toggle\EWARM\IO_Toggle\Obj\stm32f10x_exti.o
#        C:\Users\7010master\Documents\IoT_Device_Dev\Cortex-M3\STM32_Nucleo_FW_V1.2.1\Projects\NUCLEO-F103RB\IO_Toggle\EWARM\IO_Toggle\Obj\stm32f10x_flash.o
#        C:\Users\7010master\Documents\IoT_Device_Dev\Cortex-M3\STM32_Nucleo_FW_V1.2.1\Projects\NUCLEO-F103RB\IO_Toggle\EWARM\IO_Toggle\Obj\stm32f10x_fsmc.o
#        C:\Users\7010master\Documents\IoT_Device_Dev\Cortex-M3\STM32_Nucleo_FW_V1.2.1\Projects\NUCLEO-F103RB\IO_Toggle\EWARM\IO_Toggle\Obj\stm32f10x_gpio.o
#        C:\Users\7010master\Documents\IoT_Device_Dev\Cortex-M3\STM32_Nucleo_FW_V1.2.1\Projects\NUCLEO-F103RB\IO_Toggle\EWARM\IO_Toggle\Obj\stm32f10x_i2c.o
#        C:\Users\7010master\Documents\IoT_Device_Dev\Cortex-M3\STM32_Nucleo_FW_V1.2.1\Projects\NUCLEO-F103RB\IO_Toggle\EWARM\IO_Toggle\Obj\stm32f10x_iwdg.o
#        C:\Users\7010master\Documents\IoT_Device_Dev\Cortex-M3\STM32_Nucleo_FW_V1.2.1\Projects\NUCLEO-F103RB\IO_Toggle\EWARM\IO_Toggle\Obj\stm32f10x_pwr.o
#        C:\Users\7010master\Documents\IoT_Device_Dev\Cortex-M3\STM32_Nucleo_FW_V1.2.1\Projects\NUCLEO-F103RB\IO_Toggle\EWARM\IO_Toggle\Obj\stm32f10x_rcc.o
#        C:\Users\7010master\Documents\IoT_Device_Dev\Cortex-M3\STM32_Nucleo_FW_V1.2.1\Projects\NUCLEO-F103RB\IO_Toggle\EWARM\IO_Toggle\Obj\stm32f10x_rtc.o
#        C:\Users\7010master\Documents\IoT_Device_Dev\Cortex-M3\STM32_Nucleo_FW_V1.2.1\Projects\NUCLEO-F103RB\IO_Toggle\EWARM\IO_Toggle\Obj\stm32f10x_sdio.o
#        C:\Users\7010master\Documents\IoT_Device_Dev\Cortex-M3\STM32_Nucleo_FW_V1.2.1\Projects\NUCLEO-F103RB\IO_Toggle\EWARM\IO_Toggle\Obj\stm32f10x_spi.o
#        C:\Users\7010master\Documents\IoT_Device_Dev\Cortex-M3\STM32_Nucleo_FW_V1.2.1\Projects\NUCLEO-F103RB\IO_Toggle\EWARM\IO_Toggle\Obj\stm32f10x_tim.o
#        C:\Users\7010master\Documents\IoT_Device_Dev\Cortex-M3\STM32_Nucleo_FW_V1.2.1\Projects\NUCLEO-F103RB\IO_Toggle\EWARM\IO_Toggle\Obj\stm32f10x_usart.o
#        C:\Users\7010master\Documents\IoT_Device_Dev\Cortex-M3\STM32_Nucleo_FW_V1.2.1\Projects\NUCLEO-F103RB\IO_Toggle\EWARM\IO_Toggle\Obj\stm32f10x_wwdg.o
#        C:\Users\7010master\Documents\IoT_Device_Dev\Cortex-M3\STM32_Nucleo_FW_V1.2.1\Projects\NUCLEO-F103RB\IO_Toggle\EWARM\IO_Toggle\Obj\stm32f1xx_it.o
#        C:\Users\7010master\Documents\IoT_Device_Dev\Cortex-M3\STM32_Nucleo_FW_V1.2.1\Projects\NUCLEO-F103RB\IO_Toggle\EWARM\IO_Toggle\Obj\stm32f1xx_nucleo.o
#        C:\Users\7010master\Documents\IoT_Device_Dev\Cortex-M3\STM32_Nucleo_FW_V1.2.1\Projects\NUCLEO-F103RB\IO_Toggle\EWARM\IO_Toggle\Obj\system_stm32f10x.o
#        --redirect _Printf=_PrintfSmallNoMb --redirect _Scanf=_ScanfSmallNoMb
#        -o
#        C:\Users\7010master\Documents\IoT_Device_Dev\Cortex-M3\STM32_Nucleo_FW_V1.2.1\Projects\NUCLEO-F103RB\IO_Toggle\EWARM\IO_Toggle\Exe\IO_Toggle.out
#        --map
#        C:\Users\7010master\Documents\IoT_Device_Dev\Cortex-M3\STM32_Nucleo_FW_V1.2.1\Projects\NUCLEO-F103RB\IO_Toggle\EWARM\IO_Toggle\List\IO_Toggle.map
#        --config
#        C:\Users\7010master\Documents\IoT_Device_Dev\Cortex-M3\STM32_Nucleo_FW_V1.2.1\Projects\NUCLEO-F103RB\IO_Toggle\EWARM\stm32f103xx_flash.icf
#        --semihosting --entry __iar_program_start --vfe --text_out locale)
#
###############################################################################

*******************************************************************************
*** RUNTIME MODEL ATTRIBUTES
***

CppFlavor       = *
__SystemLibrary = DLib
__dlib_version  = 6


*******************************************************************************
*** HEAP SELECTION
***

The basic heap was selected because no calls to memory allocation
functions were found in the application outside of system library
functions, and there are calls to deallocation functions in the
application.


*******************************************************************************
*** PLACEMENT SUMMARY
***

"A0":  place at 0x08000000 { ro section .intvec };
"P1":  place in [from 0x08000000 to 0x0801ffff] { ro };
define block CSTACK with size = 1K, alignment = 8 { };
define block HEAP with size = 512, alignment = 8 { };
"P2":  place in [from 0x20000000 to 0x20004fff] {
          rw, block CSTACK, block HEAP };
initialize by copy { rw };

  Section            Kind        Address   Size  Object
  -------            ----        -------   ----  ------
"A0":                                      0xec
  .intvec            ro code  0x08000000   0xec  startup_stm32f10x_md.o [1]
                            - 0x080000ec   0xec

"P1":                                     0x68d
  .text              ro code  0x080000ec  0x109  stm32f1xx_nucleo.o [1]
  .text              ro code  0x080001f8   0x98  stm32f10x_rcc.o [1]
  .text              ro code  0x08000290   0xcc  stm32f10x_gpio.o [1]
  .text              ro code  0x0800035c   0x8c  stm32f10x_exti.o [1]
  .text              ro code  0x080003e8   0x68  misc.o [1]
  .text              ro code  0x08000450   0xbc  system_stm32f10x.o [1]
  .text              ro code  0x0800050c   0x94  main.o [1]
  .text              ro code  0x080005a0   0x44  stm32f1xx_it.o [1]
  .text              ro code  0x080005e4   0x38  packbits_init_single.o [4]
  .text              ro code  0x0800061c   0x28  data_init.o [4]
  .iar.init_table    const    0x08000644   0x10  - Linker created -
  .text              ro code  0x08000654   0x1a  cmain.o [4]
  .text              ro code  0x0800066e    0x4  low_level_init.o [3]
  .text              ro code  0x08000672    0x4  exit.o [3]
  .text              ro code  0x08000678    0xa  cexit.o [4]
  .text              ro code  0x08000684   0x14  exit.o [5]
  .text              ro code  0x08000698   0x10  startup_stm32f10x_md.o [1]
  .text              ro code  0x080006a8    0xc  cstartup_M.o [4]
  .text              ro code  0x080006b4    0x4  startup_stm32f10x_md.o [1]
  .text              ro code  0x080006b8    0x4  startup_stm32f10x_md.o [1]
  .text              ro code  0x080006bc    0x4  startup_stm32f10x_md.o [1]
  .text              ro code  0x080006c0    0x4  startup_stm32f10x_md.o [1]
  .text              ro code  0x080006c4    0x4  startup_stm32f10x_md.o [1]
  .text              ro code  0x080006c8    0x4  startup_stm32f10x_md.o [1]
  .text              ro code  0x080006cc    0x4  startup_stm32f10x_md.o [1]
  .text              ro code  0x080006d0    0x4  startup_stm32f10x_md.o [1]
  .text              ro code  0x080006d4    0x4  startup_stm32f10x_md.o [1]
  .text              ro code  0x080006d8    0x4  startup_stm32f10x_md.o [1]
  .text              ro code  0x080006dc    0x4  startup_stm32f10x_md.o [1]
  .text              ro code  0x080006e0    0x4  startup_stm32f10x_md.o [1]
  .text              ro code  0x080006e4    0x4  startup_stm32f10x_md.o [1]
  .text              ro code  0x080006e8    0x4  startup_stm32f10x_md.o [1]
  .text              ro code  0x080006ec    0x4  startup_stm32f10x_md.o [1]
  .text              ro code  0x080006f0    0x4  startup_stm32f10x_md.o [1]
  .text              ro code  0x080006f4    0x4  startup_stm32f10x_md.o [1]
  .text              ro code  0x080006f8    0x4  startup_stm32f10x_md.o [1]
  .text              ro code  0x080006fc    0x4  startup_stm32f10x_md.o [1]
  .text              ro code  0x08000700    0x4  startup_stm32f10x_md.o [1]
  .text              ro code  0x08000704    0x4  startup_stm32f10x_md.o [1]
  .text              ro code  0x08000708    0x4  startup_stm32f10x_md.o [1]
  .text              ro code  0x0800070c    0x4  startup_stm32f10x_md.o [1]
  .text              ro code  0x08000710    0x4  startup_stm32f10x_md.o [1]
  .text              ro code  0x08000714    0x4  startup_stm32f10x_md.o [1]
  .text              ro code  0x08000718    0x4  startup_stm32f10x_md.o [1]
  .text              ro code  0x0800071c    0x4  startup_stm32f10x_md.o [1]
  .text              ro code  0x08000720    0x4  startup_stm32f10x_md.o [1]
  .text              ro code  0x08000724    0x4  startup_stm32f10x_md.o [1]
  .text              ro code  0x08000728    0x4  startup_stm32f10x_md.o [1]
  .text              ro code  0x0800072c    0x4  startup_stm32f10x_md.o [1]
  .text              ro code  0x08000730    0x4  startup_stm32f10x_md.o [1]
  .text              ro code  0x08000734    0x4  startup_stm32f10x_md.o [1]
  .text              ro code  0x08000738    0x4  startup_stm32f10x_md.o [1]
  .text              ro code  0x0800073c    0x4  startup_stm32f10x_md.o [1]
  .text              ro code  0x08000740    0x4  startup_stm32f10x_md.o [1]
  .text              ro code  0x08000744    0x4  startup_stm32f10x_md.o [1]
  .text              ro code  0x08000748    0x4  startup_stm32f10x_md.o [1]
  .text              ro code  0x0800074c    0x4  startup_stm32f10x_md.o [1]
  .text              ro code  0x08000750    0x4  startup_stm32f10x_md.o [1]
  .text              ro code  0x08000754    0x4  startup_stm32f10x_md.o [1]
  .text              ro code  0x08000758    0x4  startup_stm32f10x_md.o [1]
  .rodata            const    0x0800075c    0x0  packbits_init_single.o [4]
  Initializer bytes  const    0x0800075c   0x1d  <for P2-1>
                            - 0x08000779  0x68d

"P2", part 1 of 2:                         0x38
  P2-1                        0x20000000   0x38  <Init block>
    .data            inited   0x20000000   0x14  stm32f10x_rcc.o [1]
    .data            inited   0x20000014    0x4  stm32f1xx_nucleo.o [1]
    .data            inited   0x20000018    0x4  stm32f1xx_nucleo.o [1]
    .bss             inited   0x2000001c   0x1c  main.o [1]
                            - 0x20000038   0x38

"P2", part 2 of 2:                        0x400
  CSTACK                      0x20000038  0x400  <Block>
    CSTACK           uninit   0x20000038  0x400  <Block tail>
                            - 0x20000438  0x400


*******************************************************************************
*** INIT TABLE
***

          Address     Size
          -------     ----
Copy/packbits (__iar_packbits_init_single3)
    1 source range, total size 0x1d (51% of destination):
          0x0800075c  0x1d
    1 destination range, total size 0x38:
          0x20000000  0x38



*******************************************************************************
*** MODULE SUMMARY
***

    Module                  ro code  ro data  rw data
    ------                  -------  -------  -------
C:\Users\7010master\Documents\IoT_Device_Dev\Cortex-M3\STM32_Nucleo_FW_V1.2.1\Projects\NUCLEO-F103RB\IO_Toggle\EWARM\IO_Toggle\Obj: [1]
    main.o                      148       15       28
    misc.o                      104
    startup_stm32f10x_md.o      420
    stm32f10x_exti.o            140
    stm32f10x_gpio.o            204
    stm32f10x_rcc.o             152       10       20
    stm32f1xx_it.o               68
    stm32f1xx_nucleo.o          265        4        8
    system_stm32f10x.o          188
    -------------------------------------------------
    Total:                    1 689       29       56

command line: [2]
    -------------------------------------------------
    Total:

dl7M_tln.a: [3]
    exit.o                        4
    low_level_init.o              4
    -------------------------------------------------
    Total:                        8

rt7M_tl.a: [4]
    cexit.o                      10
    cmain.o                      26
    cstartup_M.o                 12
    data_init.o                  40
    packbits_init_single.o       56
    -------------------------------------------------
    Total:                      144

shb_l.a: [5]
    exit.o                       20
    -------------------------------------------------
    Total:                       20

    Gaps                          7
    Linker created                        16    1 024
-----------------------------------------------------
    Grand Total:              1 868       45    1 080


*******************************************************************************
*** ENTRY LIST
***

Entry                      Address  Size  Type      Object
-----                      -------  ----  ----      ------
.iar.init_table$$Base   0x08000644         --   Gb  - Linker created -
.iar.init_table$$Limit  0x08000654         --   Gb  - Linker created -
?main                   0x08000655        Code  Gb  cmain.o [4]
ADCPrescTable           0x20000010   0x4  Data  Lc  stm32f10x_rcc.o [1]
APBAHBPrescTable        0x20000000  0x10  Data  Lc  stm32f10x_rcc.o [1]
BUTTON_CLK              0x080001e4   0x4  Data  Gb  stm32f1xx_nucleo.o [1]
BUTTON_EXTI_LINE        0x080001e8   0x2  Data  Gb  stm32f1xx_nucleo.o [1]
BUTTON_IRQn             0x080001f4   0x1  Data  Gb  stm32f1xx_nucleo.o [1]
BUTTON_PIN              0x080001e0   0x2  Data  Gb  stm32f1xx_nucleo.o [1]
BUTTON_PIN_SOURCE       0x080001f0   0x1  Data  Gb  stm32f1xx_nucleo.o [1]
BUTTON_PORT             0x20000018   0x4  Data  Gb  stm32f1xx_nucleo.o [1]
BUTTON_PORT_SOURCE      0x080001ec   0x1  Data  Gb  stm32f1xx_nucleo.o [1]
BlinkSpeed              0x2000001c   0x1  Data  Gb  main.o [1]
BusFault_Handler        0x080005a7   0x2  Code  Gb  stm32f1xx_it.o [1]
CSTACK$$Base            0x20000038         --   Gb  - Linker created -
CSTACK$$Limit           0x20000438         --   Gb  - Linker created -
DebugMon_Handler        0x080005ad   0x2  Code  Gb  stm32f1xx_it.o [1]
EXTI15_10_IRQHandler    0x080005b5  0x2a  Code  Gb  stm32f1xx_it.o [1]
EXTI_ClearITPendingBit  0x080003d5   0x2  Code  Gb  stm32f10x_exti.o [1]
EXTI_GetITStatus        0x080003bf  0x16  Code  Gb  stm32f10x_exti.o [1]
EXTI_Init               0x0800035d  0x62  Code  Gb  stm32f10x_exti.o [1]
GPIO_CLK                0x080001dc   0x4  Data  Gb  stm32f1xx_nucleo.o [1]
GPIO_EXTILineConfig     0x08000335  0x22  Code  Gb  stm32f10x_gpio.o [1]
GPIO_Init               0x08000291  0xa4  Code  Gb  stm32f10x_gpio.o [1]
GPIO_PIN                0x080001d8   0x2  Data  Gb  stm32f1xx_nucleo.o [1]
GPIO_PORT               0x20000014   0x4  Data  Gb  stm32f1xx_nucleo.o [1]
HardFault_Handler       0x080005a3   0x2  Code  Gb  stm32f1xx_it.o [1]
MemManage_Handler       0x080005a5   0x2  Code  Gb  stm32f1xx_it.o [1]
NMI_Handler             0x080005a1   0x2  Code  Gb  stm32f1xx_it.o [1]
NVIC_Init               0x080003e9  0x56  Code  Gb  misc.o [1]
PendSV_Handler          0x080005af   0x2  Code  Gb  stm32f1xx_it.o [1]
RCC_APB2PeriphClockCmd  0x08000269  0x12  Code  Gb  stm32f10x_rcc.o [1]
RCC_Clocks              0x20000020  0x14  Data  Gb  main.o [1]
RCC_GetClocksFreq       0x080001f9  0x70  Code  Gb  stm32f10x_rcc.o [1]
Region$$Table$$Base     0x08000644         --   Gb  - Linker created -
Region$$Table$$Limit    0x08000654         --   Gb  - Linker created -
STM_EVAL_LEDInit        0x080000ed  0x3a  Code  Gb  stm32f1xx_nucleo.o [1]
STM_EVAL_LEDToggle      0x08000127  0x16  Code  Gb  stm32f1xx_nucleo.o [1]
STM_EVAL_PBInit         0x0800013d  0x92  Code  Gb  stm32f1xx_nucleo.o [1]
SVC_Handler             0x080005ab   0x2  Code  Gb  stm32f1xx_it.o [1]
SysTick_Handler         0x080005b1   0x4  Code  Gb  stm32f1xx_it.o [1]
SystemInit              0x08000451  0xa6  Code  Gb  system_stm32f10x.o [1]
TimingDelay             0x20000034   0x4  Data  Lc  main.o [1]
TimingDelay_Decrement   0x08000585   0xe  Code  Gb  main.o [1]
UsageFault_Handler      0x080005a9   0x2  Code  Gb  stm32f1xx_it.o [1]
__cmain                 0x08000655        Code  Gb  cmain.o [4]
__exit                  0x08000685  0x14  Code  Gb  exit.o [5]
__iar_data_init3        0x0800061d  0x28  Code  Gb  data_init.o [4]
__iar_packbits_init_single3
                        0x080005e5  0x38  Code  Gb  packbits_init_single.o [4]
__iar_program_start     0x080006a9        Code  Gb  cstartup_M.o [4]
__iar_systems$$module {Abs}
                        0x00000001        Data  Gb  command line/config [2]
__low_level_init        0x0800066f   0x4  Code  Gb  low_level_init.o [3]
__vector_table          0x08000000        Data  Gb  startup_stm32f10x_md.o [1]
_call_main              0x08000661        Code  Gb  cmain.o [4]
_exit                   0x08000679        Code  Gb  cexit.o [4]
_main                   0x0800066b        Code  Gb  cmain.o [4]
exit                    0x08000673   0x4  Code  Gb  exit.o [3]
main                    0x0800050d  0x6a  Code  Gb  main.o [1]


[1] = C:\Users\7010master\Documents\IoT_Device_Dev\Cortex-M3\STM32_Nucleo_FW_V1.2.1\Projects\NUCLEO-F103RB\IO_Toggle\EWARM\IO_Toggle\Obj
[2] = command line
[3] = dl7M_tln.a
[4] = rt7M_tl.a
[5] = shb_l.a

  1 868 bytes of readonly  code memory
     45 bytes of readonly  data memory
  1 080 bytes of readwrite data memory

Errors: none
Warnings: none
