Archive member included to satisfy reference by file (symbol)

C:\cygwin\arm-none-eabi/arm-none-eabi/lib/libc.a(lib_a-errno.o)
                              syscalls.o (__errno)
C:\cygwin\arm-none-eabi/arm-none-eabi/lib/libc.a(lib_a-findfp.o)
                              syscalls.o (__sinit)
C:\cygwin\arm-none-eabi/arm-none-eabi/lib/libc.a(lib_a-fwalk.o)
                              C:\cygwin\arm-none-eabi/arm-none-eabi/lib/libc.a(lib_a-findfp.o) (_fwalk)
C:\cygwin\arm-none-eabi/arm-none-eabi/lib/libc.a(lib_a-impure.o)
                              C:\cygwin\arm-none-eabi/arm-none-eabi/lib/libc.a(lib_a-findfp.o) (_global_impure_ptr)
C:\cygwin\arm-none-eabi/arm-none-eabi/lib/libc.a(lib_a-lock.o)
                              C:\cygwin\arm-none-eabi/arm-none-eabi/lib/libc.a(lib_a-findfp.o) (__retarget_lock_init_recursive)
C:\cygwin\arm-none-eabi/arm-none-eabi/lib/libc.a(lib_a-mallocr.o)
                              C:\cygwin\arm-none-eabi/arm-none-eabi/lib/libc.a(lib_a-findfp.o) (_malloc_r)
C:\cygwin\arm-none-eabi/arm-none-eabi/lib/libc.a(lib_a-memset.o)
                              syscalls.o (memset)
C:\cygwin\arm-none-eabi/arm-none-eabi/lib/libc.a(lib_a-mlock.o)
                              C:\cygwin\arm-none-eabi/arm-none-eabi/lib/libc.a(lib_a-mallocr.o) (__malloc_lock)
C:\cygwin\arm-none-eabi/arm-none-eabi/lib/libc.a(lib_a-sbrkr.o)
                              C:\cygwin\arm-none-eabi/arm-none-eabi/lib/libc.a(lib_a-mallocr.o) (_sbrk_r)
C:\cygwin\arm-none-eabi/arm-none-eabi/lib/libc.a(lib_a-stdio.o)
                              C:\cygwin\arm-none-eabi/arm-none-eabi/lib/libc.a(lib_a-findfp.o) (__sread)
C:\cygwin\arm-none-eabi/arm-none-eabi/lib/libc.a(lib_a-writer.o)
                              C:\cygwin\arm-none-eabi/arm-none-eabi/lib/libc.a(lib_a-stdio.o) (_write_r)
C:\cygwin\arm-none-eabi/arm-none-eabi/lib/libc.a(lib_a-closer.o)
                              C:\cygwin\arm-none-eabi/arm-none-eabi/lib/libc.a(lib_a-stdio.o) (_close_r)
C:\cygwin\arm-none-eabi/arm-none-eabi/lib/libc.a(lib_a-fclose.o)
                              C:\cygwin\arm-none-eabi/arm-none-eabi/lib/libc.a(lib_a-findfp.o) (_fclose_r)
C:\cygwin\arm-none-eabi/arm-none-eabi/lib/libc.a(lib_a-fflush.o)
                              C:\cygwin\arm-none-eabi/arm-none-eabi/lib/libc.a(lib_a-fclose.o) (__sflush_r)
C:\cygwin\arm-none-eabi/arm-none-eabi/lib/libc.a(lib_a-freer.o)
                              C:\cygwin\arm-none-eabi/arm-none-eabi/lib/libc.a(lib_a-mallocr.o) (_free_r)
C:\cygwin\arm-none-eabi/arm-none-eabi/lib/libc.a(lib_a-lseekr.o)
                              C:\cygwin\arm-none-eabi/arm-none-eabi/lib/libc.a(lib_a-stdio.o) (_lseek_r)
C:\cygwin\arm-none-eabi/arm-none-eabi/lib/libc.a(lib_a-readr.o)
                              C:\cygwin\arm-none-eabi/arm-none-eabi/lib/libc.a(lib_a-stdio.o) (_read_r)
C:\cygwin\arm-none-eabi/arm-none-eabi/lib/libc.a(lib_a-reent.o)
                              C:\cygwin\arm-none-eabi/arm-none-eabi/lib/libc.a(lib_a-sbrkr.o) (errno)
C:\cygwin\arm-none-eabi/lib/gcc/arm-none-eabi/6.3.1/libgcc.a(_arm_addsubdf3.o)
                              Uart.o (__aeabi_dadd)
C:\cygwin\arm-none-eabi/lib/gcc/arm-none-eabi/6.3.1/libgcc.a(_arm_muldivdf3.o)
                              Timer.o (__aeabi_dmul)
C:\cygwin\arm-none-eabi/lib/gcc/arm-none-eabi/6.3.1/libgcc.a(_arm_fixunsdfsi.o)
                              Timer.o (__aeabi_d2uiz)

Allocating common symbols
Common symbol       size              file

__lock___atexit_recursive_mutex
                    0x1               C:\cygwin\arm-none-eabi/arm-none-eabi/lib/libc.a(lib_a-lock.o)
__lock___arc4random_mutex
                    0x1               C:\cygwin\arm-none-eabi/arm-none-eabi/lib/libc.a(lib_a-lock.o)
errno               0x4               C:\cygwin\arm-none-eabi/arm-none-eabi/lib/libc.a(lib_a-reent.o)
__lock___env_recursive_mutex
                    0x1               C:\cygwin\arm-none-eabi/arm-none-eabi/lib/libc.a(lib_a-lock.o)
__lock___sinit_recursive_mutex
                    0x1               C:\cygwin\arm-none-eabi/arm-none-eabi/lib/libc.a(lib_a-lock.o)
__lock___malloc_recursive_mutex
                    0x1               C:\cygwin\arm-none-eabi/arm-none-eabi/lib/libc.a(lib_a-lock.o)
__lock___at_quick_exit_mutex
                    0x1               C:\cygwin\arm-none-eabi/arm-none-eabi/lib/libc.a(lib_a-lock.o)
__lock___dd_hash_mutex
                    0x1               C:\cygwin\arm-none-eabi/arm-none-eabi/lib/libc.a(lib_a-lock.o)
__lock___tz_mutex   0x1               C:\cygwin\arm-none-eabi/arm-none-eabi/lib/libc.a(lib_a-lock.o)
__lock___sfp_recursive_mutex
                    0x1               C:\cygwin\arm-none-eabi/arm-none-eabi/lib/libc.a(lib_a-lock.o)

Memory Configuration

Name             Origin             Length             Attributes
CODE             0x30000000         0x04000000         rw
_ISR_START       0x33ffff00         0x00000100         rw
*default*        0x00000000         0xffffffff

Linker script and memory map


.text           0x30000000     0x25ac
 *s3c2450_startup.o(.text)
 .text          0x30000000      0x2e0 s3c2450_startup.o
                0x30000000                _start
                0x300000b0                ResetHandler
                0x300001c0                IsrIRQ
 *(.text)
 .text          0x300002e0      0x4fc Key.o
                0x300002e0                Key_Port_Init
                0x300003b4                Key_Get_Pressed_with_LED
                0x300005d4                Key_Get_Pressed
                0x30000768                Key_Wait_Get_Pressed
                0x300007a0                Key_Wait_Get_Released
 .text          0x300007dc      0x154 Led.o
                0x300007dc                Led_Init
                0x3000083c                Led_Display
 .text          0x30000930       0x74 Main.o
                0x30000930                Main
 .text          0x300009a4      0x124 Timer.o
                0x300009a4                Timer_Init
                0x30000a0c                Timer_Delay
 .text          0x30000ac8      0x244 Uart.o
                0x30000ac8                Uart_Init
                0x30000bc0                Uart_Printf
                0x30000bf0                Uart_Send_String
                0x30000c40                Uart_Send_Byte
                0x30000cc4                Uart_Get_Char
 .text          0x30000d0c      0xf94 syscalls.o
                0x30000e28                initialise_monitor_handles
                0x3000102c                _swiread
                0x3000107c                _read
                0x30001134                _swilseek
                0x300012e0                _lseek
                0x30001320                _swiwrite
                0x30001370                _write
                0x30001448                _swiopen
                0x30001600                _open
                0x30001638                _swiclose
                0x30001674                _close
                0x30001740                _getpid
                0x30001768                _sbrk
                0x30001848                _swistat
                0x30001904                _fstat
                0x3000194c                _stat
                0x300019d8                _link
                0x30001a08                _unlink
                0x30001a5c                _gettimeofday
                0x30001ae4                _clock
                0x30001b14                _times
                0x30001b80                _isatty
                0x30001c14                _system
                0x30001c54                _rename
 .text          0x30001ca0        0x0 C:\cygwin\arm-none-eabi/arm-none-eabi/lib/libc.a(lib_a-errno.o)
 .text          0x30001ca0        0x0 C:\cygwin\arm-none-eabi/arm-none-eabi/lib/libc.a(lib_a-findfp.o)
 .text          0x30001ca0        0x0 C:\cygwin\arm-none-eabi/arm-none-eabi/lib/libc.a(lib_a-fwalk.o)
 .text          0x30001ca0        0x0 C:\cygwin\arm-none-eabi/arm-none-eabi/lib/libc.a(lib_a-impure.o)
 .text          0x30001ca0        0x0 C:\cygwin\arm-none-eabi/arm-none-eabi/lib/libc.a(lib_a-lock.o)
 .text          0x30001ca0        0x0 C:\cygwin\arm-none-eabi/arm-none-eabi/lib/libc.a(lib_a-mallocr.o)
 .text          0x30001ca0        0x0 C:\cygwin\arm-none-eabi/arm-none-eabi/lib/libc.a(lib_a-memset.o)
 .text          0x30001ca0        0x0 C:\cygwin\arm-none-eabi/arm-none-eabi/lib/libc.a(lib_a-mlock.o)
 .text          0x30001ca0        0x0 C:\cygwin\arm-none-eabi/arm-none-eabi/lib/libc.a(lib_a-sbrkr.o)
 .text          0x30001ca0        0x0 C:\cygwin\arm-none-eabi/arm-none-eabi/lib/libc.a(lib_a-stdio.o)
 .text          0x30001ca0        0x0 C:\cygwin\arm-none-eabi/arm-none-eabi/lib/libc.a(lib_a-writer.o)
 .text          0x30001ca0        0x0 C:\cygwin\arm-none-eabi/arm-none-eabi/lib/libc.a(lib_a-closer.o)
 .text          0x30001ca0        0x0 C:\cygwin\arm-none-eabi/arm-none-eabi/lib/libc.a(lib_a-fclose.o)
 .text          0x30001ca0        0x0 C:\cygwin\arm-none-eabi/arm-none-eabi/lib/libc.a(lib_a-fflush.o)
 .text          0x30001ca0        0x0 C:\cygwin\arm-none-eabi/arm-none-eabi/lib/libc.a(lib_a-freer.o)
 .text          0x30001ca0        0x0 C:\cygwin\arm-none-eabi/arm-none-eabi/lib/libc.a(lib_a-lseekr.o)
 .text          0x30001ca0        0x0 C:\cygwin\arm-none-eabi/arm-none-eabi/lib/libc.a(lib_a-readr.o)
 .text          0x30001ca0        0x0 C:\cygwin\arm-none-eabi/arm-none-eabi/lib/libc.a(lib_a-reent.o)
 .text          0x30001ca0      0x41c C:\cygwin\arm-none-eabi/lib/gcc/arm-none-eabi/6.3.1/libgcc.a(_arm_addsubdf3.o)
                0x30001ca0                __aeabi_drsub
                0x30001ca8                __aeabi_dsub
                0x30001ca8                __subdf3
                0x30001cac                __aeabi_dadd
                0x30001cac                __adddf3
                0x30001fbc                __floatunsidf
                0x30001fbc                __aeabi_ui2d
                0x30001fe0                __floatsidf
                0x30001fe0                __aeabi_i2d
                0x30002008                __aeabi_f2d
                0x30002008                __extendsfdf2
                0x30002048                __floatundidf
                0x30002048                __aeabi_ul2d
                0x3000205c                __floatdidf
                0x3000205c                __aeabi_l2d
 .text          0x300020bc      0x49c C:\cygwin\arm-none-eabi/lib/gcc/arm-none-eabi/6.3.1/libgcc.a(_arm_muldivdf3.o)
                0x300020bc                __aeabi_dmul
                0x300020bc                __muldf3
                0x3000234c                __divdf3
                0x3000234c                __aeabi_ddiv
 .text          0x30002558       0x54 C:\cygwin\arm-none-eabi/lib/gcc/arm-none-eabi/6.3.1/libgcc.a(_arm_fixunsdfsi.o)
                0x30002558                __aeabi_d2uiz
                0x30002558                __fixunsdfsi
                0x300025ac                . = ALIGN (0x4)

.glue_7         0x300025ac        0x0
 .glue_7        0x300025ac        0x0 linker stubs

.glue_7t        0x300025ac        0x0
 .glue_7t       0x300025ac        0x0 linker stubs

.vfp11_veneer   0x300025ac        0x0
 .vfp11_veneer  0x300025ac        0x0 linker stubs

.v4_bx          0x300025ac        0x0
 .v4_bx         0x300025ac        0x0 linker stubs

.iplt           0x300025ac        0x0
 .iplt          0x300025ac        0x0 s3c2450_startup.o

.text.__errno   0x300025ac       0x10
 .text.__errno  0x300025ac       0x10 C:\cygwin\arm-none-eabi/arm-none-eabi/lib/libc.a(lib_a-errno.o)
                0x300025ac                __errno

.text._cleanup_r
                0x300025bc       0x18
 .text._cleanup_r
                0x300025bc       0x18 C:\cygwin\arm-none-eabi/arm-none-eabi/lib/libc.a(lib_a-findfp.o)
                0x300025bc                _cleanup_r

.text.std.isra.0
                0x300025d4       0x84
 .text.std.isra.0
                0x300025d4       0x84 C:\cygwin\arm-none-eabi/arm-none-eabi/lib/libc.a(lib_a-findfp.o)

.text.__fp_lock
                0x30002658       0x38
 .text.__fp_lock
                0x30002658       0x38 C:\cygwin\arm-none-eabi/arm-none-eabi/lib/libc.a(lib_a-findfp.o)

.text.__fp_unlock
                0x30002690       0x38
 .text.__fp_unlock
                0x30002690       0x38 C:\cygwin\arm-none-eabi/arm-none-eabi/lib/libc.a(lib_a-findfp.o)

.text.__sfmoreglue
                0x300026c8       0x50
 .text.__sfmoreglue
                0x300026c8       0x50 C:\cygwin\arm-none-eabi/arm-none-eabi/lib/libc.a(lib_a-findfp.o)
                0x300026c8                __sfmoreglue

.text._cleanup  0x30002718       0x24
 .text._cleanup
                0x30002718       0x24 C:\cygwin\arm-none-eabi/arm-none-eabi/lib/libc.a(lib_a-findfp.o)
                0x30002718                _cleanup

.text.__sinit   0x3000273c       0x94
 .text.__sinit  0x3000273c       0x94 C:\cygwin\arm-none-eabi/arm-none-eabi/lib/libc.a(lib_a-findfp.o)
                0x3000273c                __sinit

.text.__sfp     0x300027d0      0x120
 .text.__sfp    0x300027d0      0x120 C:\cygwin\arm-none-eabi/arm-none-eabi/lib/libc.a(lib_a-findfp.o)
                0x300027d0                __sfp

.text.__sfp_lock_acquire
                0x300028f0       0x18
 .text.__sfp_lock_acquire
                0x300028f0       0x18 C:\cygwin\arm-none-eabi/arm-none-eabi/lib/libc.a(lib_a-findfp.o)
                0x300028f0                __sfp_lock_acquire

.text.__sfp_lock_release
                0x30002908       0x18
 .text.__sfp_lock_release
                0x30002908       0x18 C:\cygwin\arm-none-eabi/arm-none-eabi/lib/libc.a(lib_a-findfp.o)
                0x30002908                __sfp_lock_release

.text.__sinit_lock_acquire
                0x30002920       0x18
 .text.__sinit_lock_acquire
                0x30002920       0x18 C:\cygwin\arm-none-eabi/arm-none-eabi/lib/libc.a(lib_a-findfp.o)
                0x30002920                __sinit_lock_acquire

.text.__sinit_lock_release
                0x30002938       0x18
 .text.__sinit_lock_release
                0x30002938       0x18 C:\cygwin\arm-none-eabi/arm-none-eabi/lib/libc.a(lib_a-findfp.o)
                0x30002938                __sinit_lock_release

.text.__fp_lock_all
                0x30002950       0x30
 .text.__fp_lock_all
                0x30002950       0x30 C:\cygwin\arm-none-eabi/arm-none-eabi/lib/libc.a(lib_a-findfp.o)
                0x30002950                __fp_lock_all

.text.__fp_unlock_all
                0x30002980       0x30
 .text.__fp_unlock_all
                0x30002980       0x30 C:\cygwin\arm-none-eabi/arm-none-eabi/lib/libc.a(lib_a-findfp.o)
                0x30002980                __fp_unlock_all

.text._fwalk    0x300029b0       0x84
 .text._fwalk   0x300029b0       0x84 C:\cygwin\arm-none-eabi/arm-none-eabi/lib/libc.a(lib_a-fwalk.o)
                0x300029b0                _fwalk

.text._fwalk_reent
                0x30002a34       0x8c
 .text._fwalk_reent
                0x30002a34       0x8c C:\cygwin\arm-none-eabi/arm-none-eabi/lib/libc.a(lib_a-fwalk.o)
                0x30002a34                _fwalk_reent

.text.__retarget_lock_init
                0x30002ac0        0x4
 .text.__retarget_lock_init
                0x30002ac0        0x4 C:\cygwin\arm-none-eabi/arm-none-eabi/lib/libc.a(lib_a-lock.o)
                0x30002ac0                __retarget_lock_init

.text.__retarget_lock_init_recursive
                0x30002ac4        0x4
 .text.__retarget_lock_init_recursive
                0x30002ac4        0x4 C:\cygwin\arm-none-eabi/arm-none-eabi/lib/libc.a(lib_a-lock.o)
                0x30002ac4                __retarget_lock_init_recursive

.text.__retarget_lock_close
                0x30002ac8        0x4
 .text.__retarget_lock_close
                0x30002ac8        0x4 C:\cygwin\arm-none-eabi/arm-none-eabi/lib/libc.a(lib_a-lock.o)
                0x30002ac8                __retarget_lock_close

.text.__retarget_lock_close_recursive
                0x30002acc        0x4
 .text.__retarget_lock_close_recursive
                0x30002acc        0x4 C:\cygwin\arm-none-eabi/arm-none-eabi/lib/libc.a(lib_a-lock.o)
                0x30002acc                __retarget_lock_close_recursive

.text.__retarget_lock_acquire
                0x30002ad0        0x4
 .text.__retarget_lock_acquire
                0x30002ad0        0x4 C:\cygwin\arm-none-eabi/arm-none-eabi/lib/libc.a(lib_a-lock.o)
                0x30002ad0                __retarget_lock_acquire

.text.__retarget_lock_acquire_recursive
                0x30002ad4        0x4
 .text.__retarget_lock_acquire_recursive
                0x30002ad4        0x4 C:\cygwin\arm-none-eabi/arm-none-eabi/lib/libc.a(lib_a-lock.o)
                0x30002ad4                __retarget_lock_acquire_recursive

.text.__retarget_lock_try_acquire
                0x30002ad8        0x8
 .text.__retarget_lock_try_acquire
                0x30002ad8        0x8 C:\cygwin\arm-none-eabi/arm-none-eabi/lib/libc.a(lib_a-lock.o)
                0x30002ad8                __retarget_lock_try_acquire

.text.__retarget_lock_try_acquire_recursive
                0x30002ae0        0x8
 .text.__retarget_lock_try_acquire_recursive
                0x30002ae0        0x8 C:\cygwin\arm-none-eabi/arm-none-eabi/lib/libc.a(lib_a-lock.o)
                0x30002ae0                __retarget_lock_try_acquire_recursive

.text.__retarget_lock_release
                0x30002ae8        0x4
 .text.__retarget_lock_release
                0x30002ae8        0x4 C:\cygwin\arm-none-eabi/arm-none-eabi/lib/libc.a(lib_a-lock.o)
                0x30002ae8                __retarget_lock_release

.text.__retarget_lock_release_recursive
                0x30002aec        0x4
 .text.__retarget_lock_release_recursive
                0x30002aec        0x4 C:\cygwin\arm-none-eabi/arm-none-eabi/lib/libc.a(lib_a-lock.o)
                0x30002aec                __retarget_lock_release_recursive

.text._malloc_r
                0x30002af0      0x78c
 .text._malloc_r
                0x30002af0      0x78c C:\cygwin\arm-none-eabi/arm-none-eabi/lib/libc.a(lib_a-mallocr.o)
                0x30002af0                _malloc_r

.text.memset    0x3000327c      0x114
 .text.memset   0x3000327c      0x114 C:\cygwin\arm-none-eabi/arm-none-eabi/lib/libc.a(lib_a-memset.o)
                0x3000327c                memset

.text.__malloc_lock
                0x30003390       0x18
 .text.__malloc_lock
                0x30003390       0x18 C:\cygwin\arm-none-eabi/arm-none-eabi/lib/libc.a(lib_a-mlock.o)
                0x30003390                __malloc_lock

.text.__malloc_unlock
                0x300033a8       0x18
 .text.__malloc_unlock
                0x300033a8       0x18 C:\cygwin\arm-none-eabi/arm-none-eabi/lib/libc.a(lib_a-mlock.o)
                0x300033a8                __malloc_unlock

.text._sbrk_r   0x300033c0       0x44
 .text._sbrk_r  0x300033c0       0x44 C:\cygwin\arm-none-eabi/arm-none-eabi/lib/libc.a(lib_a-sbrkr.o)
                0x300033c0                _sbrk_r

.text.__sread   0x30003404       0x34
 .text.__sread  0x30003404       0x34 C:\cygwin\arm-none-eabi/arm-none-eabi/lib/libc.a(lib_a-stdio.o)
                0x30003404                __sread

.text.__seofread
                0x30003438        0x8
 .text.__seofread
                0x30003438        0x8 C:\cygwin\arm-none-eabi/arm-none-eabi/lib/libc.a(lib_a-stdio.o)
                0x30003438                __seofread

.text.__swrite  0x30003440       0x58
 .text.__swrite
                0x30003440       0x58 C:\cygwin\arm-none-eabi/arm-none-eabi/lib/libc.a(lib_a-stdio.o)
                0x30003440                __swrite

.text.__sseek   0x30003498       0x30
 .text.__sseek  0x30003498       0x30 C:\cygwin\arm-none-eabi/arm-none-eabi/lib/libc.a(lib_a-stdio.o)
                0x30003498                __sseek

.text.__sclose  0x300034c8       0x14
 .text.__sclose
                0x300034c8       0x14 C:\cygwin\arm-none-eabi/arm-none-eabi/lib/libc.a(lib_a-stdio.o)
                0x300034c8                __sclose

.text._write_r  0x300034dc       0x48
 .text._write_r
                0x300034dc       0x48 C:\cygwin\arm-none-eabi/arm-none-eabi/lib/libc.a(lib_a-writer.o)
                0x300034dc                _write_r

.text._close_r  0x30003524       0x3c
 .text._close_r
                0x30003524       0x3c C:\cygwin\arm-none-eabi/arm-none-eabi/lib/libc.a(lib_a-closer.o)
                0x30003524                _close_r

.text._fclose_r
                0x30003560      0x160
 .text._fclose_r
                0x30003560      0x160 C:\cygwin\arm-none-eabi/arm-none-eabi/lib/libc.a(lib_a-fclose.o)
                0x30003560                _fclose_r

.text.fclose    0x300036c0       0x14
 .text.fclose   0x300036c0       0x14 C:\cygwin\arm-none-eabi/arm-none-eabi/lib/libc.a(lib_a-fclose.o)
                0x300036c0                fclose

.text.__sflush_r
                0x300036d4      0x23c
 .text.__sflush_r
                0x300036d4      0x23c C:\cygwin\arm-none-eabi/arm-none-eabi/lib/libc.a(lib_a-fflush.o)
                0x300036d4                __sflush_r

.text._fflush_r
                0x30003910       0x9c
 .text._fflush_r
                0x30003910       0x9c C:\cygwin\arm-none-eabi/arm-none-eabi/lib/libc.a(lib_a-fflush.o)
                0x30003910                _fflush_r

.text.fflush    0x300039ac       0x38
 .text.fflush   0x300039ac       0x38 C:\cygwin\arm-none-eabi/arm-none-eabi/lib/libc.a(lib_a-fflush.o)
                0x300039ac                fflush

.text._malloc_trim_r
                0x300039e4      0x100
 .text._malloc_trim_r
                0x300039e4      0x100 C:\cygwin\arm-none-eabi/arm-none-eabi/lib/libc.a(lib_a-freer.o)
                0x300039e4                _malloc_trim_r

.text._free_r   0x30003ae4      0x2e0
 .text._free_r  0x30003ae4      0x2e0 C:\cygwin\arm-none-eabi/arm-none-eabi/lib/libc.a(lib_a-freer.o)
                0x30003ae4                _free_r

.text._lseek_r  0x30003dc4       0x48
 .text._lseek_r
                0x30003dc4       0x48 C:\cygwin\arm-none-eabi/arm-none-eabi/lib/libc.a(lib_a-lseekr.o)
                0x30003dc4                _lseek_r

.text._read_r   0x30003e0c       0x48
 .text._read_r  0x30003e0c       0x48 C:\cygwin\arm-none-eabi/arm-none-eabi/lib/libc.a(lib_a-readr.o)
                0x30003e0c                _read_r

.text.cleanup_glue
                0x30003e54       0x2c
 .text.cleanup_glue
                0x30003e54       0x2c C:\cygwin\arm-none-eabi/arm-none-eabi/lib/libc.a(lib_a-reent.o)
                0x30003e54                cleanup_glue

.text._reclaim_reent
                0x30003e80       0xf4
 .text._reclaim_reent
                0x30003e80       0xf4 C:\cygwin\arm-none-eabi/arm-none-eabi/lib/libc.a(lib_a-reent.o)
                0x30003e80                _reclaim_reent

.rodata         0x30003f74       0x20
                0x30003f74                rodata_start_addr = .
 *(.rodata)
 .rodata        0x30003f74        0xa Key.o
 *fill*         0x30003f7e        0x2 
 .rodata        0x30003f80        0xb Main.o
 *fill*         0x30003f8b        0x1 
 .rodata        0x30003f8c        0x4 syscalls.o
 *(.rodata.*)
 .rodata._global_impure_ptr
                0x30003f90        0x4 C:\cygwin\arm-none-eabi/arm-none-eabi/lib/libc.a(lib_a-impure.o)
                0x30003f90                _global_impure_ptr
                0x30003f94                . = ALIGN (0x4)
                0x30003f94                rodata_end_addr = .

.rel.dyn        0x30003f94        0x0
 .rel.iplt      0x30003f94        0x0 s3c2450_startup.o

.data           0x30003f98      0x840
                0x30003f98                data_start_addr = .
                0x30003f98                __DATA_START__ = .
 *(.data)
 .data          0x30003f98        0x0 s3c2450_startup.o
 .data          0x30003f98        0x0 Key.o
 .data          0x30003f98        0x0 Led.o
 .data          0x30003f98        0x0 Main.o
 .data          0x30003f98        0x0 Timer.o
 .data          0x30003f98        0x0 Uart.o
 .data          0x30003f98        0x4 syscalls.o
                0x30003f98                __heap_limit
 .data          0x30003f9c        0x0 C:\cygwin\arm-none-eabi/arm-none-eabi/lib/libc.a(lib_a-errno.o)
 .data          0x30003f9c        0x0 C:\cygwin\arm-none-eabi/arm-none-eabi/lib/libc.a(lib_a-findfp.o)
 .data          0x30003f9c        0x0 C:\cygwin\arm-none-eabi/arm-none-eabi/lib/libc.a(lib_a-fwalk.o)
 .data          0x30003f9c        0x0 C:\cygwin\arm-none-eabi/arm-none-eabi/lib/libc.a(lib_a-impure.o)
 .data          0x30003f9c        0x0 C:\cygwin\arm-none-eabi/arm-none-eabi/lib/libc.a(lib_a-lock.o)
 .data          0x30003f9c        0x0 C:\cygwin\arm-none-eabi/arm-none-eabi/lib/libc.a(lib_a-mallocr.o)
 .data          0x30003f9c        0x0 C:\cygwin\arm-none-eabi/arm-none-eabi/lib/libc.a(lib_a-memset.o)
 .data          0x30003f9c        0x0 C:\cygwin\arm-none-eabi/arm-none-eabi/lib/libc.a(lib_a-mlock.o)
 .data          0x30003f9c        0x0 C:\cygwin\arm-none-eabi/arm-none-eabi/lib/libc.a(lib_a-sbrkr.o)
 .data          0x30003f9c        0x0 C:\cygwin\arm-none-eabi/arm-none-eabi/lib/libc.a(lib_a-stdio.o)
 .data          0x30003f9c        0x0 C:\cygwin\arm-none-eabi/arm-none-eabi/lib/libc.a(lib_a-writer.o)
 .data          0x30003f9c        0x0 C:\cygwin\arm-none-eabi/arm-none-eabi/lib/libc.a(lib_a-closer.o)
 .data          0x30003f9c        0x0 C:\cygwin\arm-none-eabi/arm-none-eabi/lib/libc.a(lib_a-fclose.o)
 .data          0x30003f9c        0x0 C:\cygwin\arm-none-eabi/arm-none-eabi/lib/libc.a(lib_a-fflush.o)
 .data          0x30003f9c        0x0 C:\cygwin\arm-none-eabi/arm-none-eabi/lib/libc.a(lib_a-freer.o)
 .data          0x30003f9c        0x0 C:\cygwin\arm-none-eabi/arm-none-eabi/lib/libc.a(lib_a-lseekr.o)
 .data          0x30003f9c        0x0 C:\cygwin\arm-none-eabi/arm-none-eabi/lib/libc.a(lib_a-readr.o)
 .data          0x30003f9c        0x0 C:\cygwin\arm-none-eabi/arm-none-eabi/lib/libc.a(lib_a-reent.o)
 .data          0x30003f9c        0x0 C:\cygwin\arm-none-eabi/lib/gcc/arm-none-eabi/6.3.1/libgcc.a(_arm_addsubdf3.o)
 .data          0x30003f9c        0x0 C:\cygwin\arm-none-eabi/lib/gcc/arm-none-eabi/6.3.1/libgcc.a(_arm_muldivdf3.o)
 .data          0x30003f9c        0x0 C:\cygwin\arm-none-eabi/lib/gcc/arm-none-eabi/6.3.1/libgcc.a(_arm_fixunsdfsi.o)
 *(.data.*)
 .data._impure_ptr
                0x30003f9c        0x4 C:\cygwin\arm-none-eabi/arm-none-eabi/lib/libc.a(lib_a-impure.o)
                0x30003f9c                _impure_ptr
 .data.impure_data
                0x30003fa0      0x428 C:\cygwin\arm-none-eabi/arm-none-eabi/lib/libc.a(lib_a-impure.o)
 .data.__malloc_av_
                0x300043c8      0x408 C:\cygwin\arm-none-eabi/arm-none-eabi/lib/libc.a(lib_a-mallocr.o)
                0x300043c8                __malloc_av_
 .data.__malloc_sbrk_base
                0x300047d0        0x4 C:\cygwin\arm-none-eabi/arm-none-eabi/lib/libc.a(lib_a-mallocr.o)
                0x300047d0                __malloc_sbrk_base
 .data.__malloc_trim_threshold
                0x300047d4        0x4 C:\cygwin\arm-none-eabi/arm-none-eabi/lib/libc.a(lib_a-mallocr.o)
                0x300047d4                __malloc_trim_threshold
                0x300047d8                . = ALIGN (0x8)
                0x300047d8                data_end_addr = .
                0x300047d8                __DATA_END__ = .

.igot.plt       0x300047d8        0x0
 .igot.plt      0x300047d8        0x0 s3c2450_startup.o

.bss            0x300047d8      0x110
                0x300047d8                bss_start_addr = .
                0x300047d8                __BSS_START__ = .
 *(.bss)
 .bss           0x300047d8        0x0 s3c2450_startup.o
 .bss           0x300047d8        0x0 Key.o
 .bss           0x300047d8        0x0 Led.o
 .bss           0x300047d8        0x0 Main.o
 .bss           0x300047d8        0x0 Timer.o
 .bss           0x300047d8        0x0 Uart.o
 .bss           0x300047d8       0xb0 syscalls.o
 .bss           0x30004888        0x0 C:\cygwin\arm-none-eabi/arm-none-eabi/lib/libc.a(lib_a-errno.o)
 .bss           0x30004888        0x0 C:\cygwin\arm-none-eabi/arm-none-eabi/lib/libc.a(lib_a-findfp.o)
 .bss           0x30004888        0x0 C:\cygwin\arm-none-eabi/arm-none-eabi/lib/libc.a(lib_a-fwalk.o)
 .bss           0x30004888        0x0 C:\cygwin\arm-none-eabi/arm-none-eabi/lib/libc.a(lib_a-impure.o)
 .bss           0x30004888        0x0 C:\cygwin\arm-none-eabi/arm-none-eabi/lib/libc.a(lib_a-lock.o)
 .bss           0x30004888        0x0 C:\cygwin\arm-none-eabi/arm-none-eabi/lib/libc.a(lib_a-mallocr.o)
 .bss           0x30004888        0x0 C:\cygwin\arm-none-eabi/arm-none-eabi/lib/libc.a(lib_a-memset.o)
 .bss           0x30004888        0x0 C:\cygwin\arm-none-eabi/arm-none-eabi/lib/libc.a(lib_a-mlock.o)
 .bss           0x30004888        0x0 C:\cygwin\arm-none-eabi/arm-none-eabi/lib/libc.a(lib_a-sbrkr.o)
 .bss           0x30004888        0x0 C:\cygwin\arm-none-eabi/arm-none-eabi/lib/libc.a(lib_a-stdio.o)
 .bss           0x30004888        0x0 C:\cygwin\arm-none-eabi/arm-none-eabi/lib/libc.a(lib_a-writer.o)
 .bss           0x30004888        0x0 C:\cygwin\arm-none-eabi/arm-none-eabi/lib/libc.a(lib_a-closer.o)
 .bss           0x30004888        0x0 C:\cygwin\arm-none-eabi/arm-none-eabi/lib/libc.a(lib_a-fclose.o)
 .bss           0x30004888        0x0 C:\cygwin\arm-none-eabi/arm-none-eabi/lib/libc.a(lib_a-fflush.o)
 .bss           0x30004888        0x0 C:\cygwin\arm-none-eabi/arm-none-eabi/lib/libc.a(lib_a-freer.o)
 .bss           0x30004888        0x0 C:\cygwin\arm-none-eabi/arm-none-eabi/lib/libc.a(lib_a-lseekr.o)
 .bss           0x30004888        0x0 C:\cygwin\arm-none-eabi/arm-none-eabi/lib/libc.a(lib_a-readr.o)
 .bss           0x30004888        0x0 C:\cygwin\arm-none-eabi/arm-none-eabi/lib/libc.a(lib_a-reent.o)
 .bss           0x30004888        0x0 C:\cygwin\arm-none-eabi/lib/gcc/arm-none-eabi/6.3.1/libgcc.a(_arm_addsubdf3.o)
 .bss           0x30004888        0x0 C:\cygwin\arm-none-eabi/lib/gcc/arm-none-eabi/6.3.1/libgcc.a(_arm_muldivdf3.o)
 .bss           0x30004888        0x0 C:\cygwin\arm-none-eabi/lib/gcc/arm-none-eabi/6.3.1/libgcc.a(_arm_fixunsdfsi.o)
 *(.bss.*)
 .bss.__malloc_current_mallinfo
                0x30004888       0x28 C:\cygwin\arm-none-eabi/arm-none-eabi/lib/libc.a(lib_a-mallocr.o)
                0x30004888                __malloc_current_mallinfo
 .bss.__malloc_max_sbrked_mem
                0x300048b0        0x4 C:\cygwin\arm-none-eabi/arm-none-eabi/lib/libc.a(lib_a-mallocr.o)
                0x300048b0                __malloc_max_sbrked_mem
 .bss.__malloc_max_total_mem
                0x300048b4        0x4 C:\cygwin\arm-none-eabi/arm-none-eabi/lib/libc.a(lib_a-mallocr.o)
                0x300048b4                __malloc_max_total_mem
 .bss.__malloc_top_pad
                0x300048b8        0x4 C:\cygwin\arm-none-eabi/arm-none-eabi/lib/libc.a(lib_a-mallocr.o)
                0x300048b8                __malloc_top_pad
 *(COMMON)
 COMMON         0x300048bc       0x21 C:\cygwin\arm-none-eabi/arm-none-eabi/lib/libc.a(lib_a-lock.o)
                0x300048bc                __lock___atexit_recursive_mutex
                0x300048c0                __lock___arc4random_mutex
                0x300048c4                __lock___env_recursive_mutex
                0x300048c8                __lock___sinit_recursive_mutex
                0x300048cc                __lock___malloc_recursive_mutex
                0x300048d0                __lock___at_quick_exit_mutex
                0x300048d4                __lock___dd_hash_mutex
                0x300048d8                __lock___tz_mutex
                0x300048dc                __lock___sfp_recursive_mutex
 *fill*         0x300048dd        0x3 
 COMMON         0x300048e0        0x4 C:\cygwin\arm-none-eabi/arm-none-eabi/lib/libc.a(lib_a-reent.o)
                0x300048e0                errno
                0x300048e8                . = ALIGN (0x8)
 *fill*         0x300048e4        0x4 
                0x300048e8                bss_end_addr = .
                0x300048e8                __BSS_END__ = .
                0x300048e8                end = .
                [!provide]                PROVIDE (end, .)

.int_vec        0x33ffff00       0x24
 s3c2450_startup.o(int_vect)
 int_vect       0x33ffff00       0x24 s3c2450_startup.o
LOAD Key.o
LOAD Led.o
LOAD Main.o
LOAD Timer.o
LOAD Uart.o
LOAD syscalls.o
LOAD s3c2450_startup.o
LOAD C:\cygwin\arm-none-eabi/arm-none-eabi/lib/libc.a
LOAD C:\cygwin\arm-none-eabi/lib/gcc/arm-none-eabi/6.3.1/libgcc.a
OUTPUT(MDS2450 elf32-littlearm)

.ARM.attributes
                0x00000000       0x26
 .ARM.attributes
                0x00000000       0x1a s3c2450_startup.o
 .ARM.attributes
                0x0000001a       0x2a Key.o
 .ARM.attributes
                0x00000044       0x2a Led.o
 .ARM.attributes
                0x0000006e       0x2a Main.o
 .ARM.attributes
                0x00000098       0x2a Timer.o
 .ARM.attributes
                0x000000c2       0x2a Uart.o
 .ARM.attributes
                0x000000ec       0x2a syscalls.o
 .ARM.attributes
                0x00000116       0x30 C:\cygwin\arm-none-eabi/arm-none-eabi/lib/libc.a(lib_a-errno.o)
 .ARM.attributes
                0x00000146       0x30 C:\cygwin\arm-none-eabi/arm-none-eabi/lib/libc.a(lib_a-findfp.o)
 .ARM.attributes
                0x00000176       0x30 C:\cygwin\arm-none-eabi/arm-none-eabi/lib/libc.a(lib_a-fwalk.o)
 .ARM.attributes
                0x000001a6       0x30 C:\cygwin\arm-none-eabi/arm-none-eabi/lib/libc.a(lib_a-impure.o)
 .ARM.attributes
                0x000001d6       0x30 C:\cygwin\arm-none-eabi/arm-none-eabi/lib/libc.a(lib_a-lock.o)
 .ARM.attributes
                0x00000206       0x30 C:\cygwin\arm-none-eabi/arm-none-eabi/lib/libc.a(lib_a-mallocr.o)
 .ARM.attributes
                0x00000236       0x30 C:\cygwin\arm-none-eabi/arm-none-eabi/lib/libc.a(lib_a-memset.o)
 .ARM.attributes
                0x00000266       0x30 C:\cygwin\arm-none-eabi/arm-none-eabi/lib/libc.a(lib_a-mlock.o)
 .ARM.attributes
                0x00000296       0x30 C:\cygwin\arm-none-eabi/arm-none-eabi/lib/libc.a(lib_a-sbrkr.o)
 .ARM.attributes
                0x000002c6       0x30 C:\cygwin\arm-none-eabi/arm-none-eabi/lib/libc.a(lib_a-stdio.o)
 .ARM.attributes
                0x000002f6       0x30 C:\cygwin\arm-none-eabi/arm-none-eabi/lib/libc.a(lib_a-writer.o)
 .ARM.attributes
                0x00000326       0x30 C:\cygwin\arm-none-eabi/arm-none-eabi/lib/libc.a(lib_a-closer.o)
 .ARM.attributes
                0x00000356       0x30 C:\cygwin\arm-none-eabi/arm-none-eabi/lib/libc.a(lib_a-fclose.o)
 .ARM.attributes
                0x00000386       0x30 C:\cygwin\arm-none-eabi/arm-none-eabi/lib/libc.a(lib_a-fflush.o)
 .ARM.attributes
                0x000003b6       0x30 C:\cygwin\arm-none-eabi/arm-none-eabi/lib/libc.a(lib_a-freer.o)
 .ARM.attributes
                0x000003e6       0x30 C:\cygwin\arm-none-eabi/arm-none-eabi/lib/libc.a(lib_a-lseekr.o)
 .ARM.attributes
                0x00000416       0x30 C:\cygwin\arm-none-eabi/arm-none-eabi/lib/libc.a(lib_a-readr.o)
 .ARM.attributes
                0x00000446       0x30 C:\cygwin\arm-none-eabi/arm-none-eabi/lib/libc.a(lib_a-reent.o)
 .ARM.attributes
                0x00000476       0x18 C:\cygwin\arm-none-eabi/lib/gcc/arm-none-eabi/6.3.1/libgcc.a(_arm_addsubdf3.o)
 .ARM.attributes
                0x0000048e       0x18 C:\cygwin\arm-none-eabi/lib/gcc/arm-none-eabi/6.3.1/libgcc.a(_arm_muldivdf3.o)
 .ARM.attributes
                0x000004a6       0x18 C:\cygwin\arm-none-eabi/lib/gcc/arm-none-eabi/6.3.1/libgcc.a(_arm_fixunsdfsi.o)

.comment        0x00000000       0x7f
 .comment       0x00000000       0x7f Key.o
                                 0x80 (size before relaxing)
 .comment       0x0000007f       0x80 Led.o
 .comment       0x0000007f       0x80 Main.o
 .comment       0x0000007f       0x80 Timer.o
 .comment       0x0000007f       0x80 Uart.o
 .comment       0x0000007f       0x80 syscalls.o

.debug_line     0x00000000      0x7f0
 .debug_line    0x00000000       0xe7 s3c2450_startup.o
 .debug_line    0x000000e7      0x143 Key.o
 .debug_line    0x0000022a       0xa2 Led.o
 .debug_line    0x000002cc       0x9a Main.o
 .debug_line    0x00000366       0x4e Timer.o
 .debug_line    0x000003b4      0x12a Uart.o
 .debug_line    0x000004de      0x312 syscalls.o

.debug_info     0x00000000     0x22c0
 .debug_info    0x00000000       0x72 s3c2450_startup.o
 .debug_info    0x00000072      0x16d Key.o
 .debug_info    0x000001df      0x110 Led.o
 .debug_info    0x000002ef      0x12f Main.o
 .debug_info    0x0000041e       0x62 Timer.o
 .debug_info    0x00000480      0x9de Uart.o
 .debug_info    0x00000e5e     0x1462 syscalls.o

.debug_abbrev   0x00000000      0x7ff
 .debug_abbrev  0x00000000       0x14 s3c2450_startup.o
 .debug_abbrev  0x00000014       0xdc Key.o
 .debug_abbrev  0x000000f0       0x92 Led.o
 .debug_abbrev  0x00000182       0xaa Main.o
 .debug_abbrev  0x0000022c       0x60 Timer.o
 .debug_abbrev  0x0000028c      0x243 Uart.o
 .debug_abbrev  0x000004cf      0x330 syscalls.o

.debug_aranges  0x00000000       0xe0
 .debug_aranges
                0x00000000       0x20 s3c2450_startup.o
 .debug_aranges
                0x00000020       0x20 Key.o
 .debug_aranges
                0x00000040       0x20 Led.o
 .debug_aranges
                0x00000060       0x20 Main.o
 .debug_aranges
                0x00000080       0x20 Timer.o
 .debug_aranges
                0x000000a0       0x20 Uart.o
 .debug_aranges
                0x000000c0       0x20 syscalls.o

.debug_str      0x00000000      0x94d
 .debug_str     0x00000000      0x1dc Key.o
                                0x215 (size before relaxing)
 .debug_str     0x000001dc       0x1b Led.o
                                0x1c6 (size before relaxing)
 .debug_str     0x000001f7        0xc Main.o
                                0x1eb (size before relaxing)
 .debug_str     0x00000203       0x24 Timer.o
                                 0xff (size before relaxing)
 .debug_str     0x00000227      0x405 Uart.o
                                0x604 (size before relaxing)
 .debug_str     0x0000062c      0x321 syscalls.o
                                0x930 (size before relaxing)

.debug_frame    0x00000000     0x1028
 .debug_frame   0x00000000       0xe4 Key.o
 .debug_frame   0x000000e4       0x64 Led.o
 .debug_frame   0x00000148       0x30 Main.o
 .debug_frame   0x00000178       0x64 Timer.o
 .debug_frame   0x000001dc       0xe4 Uart.o
 .debug_frame   0x000002c0      0x4cc syscalls.o
 .debug_frame   0x0000078c       0x20 C:\cygwin\arm-none-eabi/arm-none-eabi/lib/libc.a(lib_a-errno.o)
 .debug_frame   0x000007ac      0x1b8 C:\cygwin\arm-none-eabi/arm-none-eabi/lib/libc.a(lib_a-findfp.o)
 .debug_frame   0x00000964       0x80 C:\cygwin\arm-none-eabi/arm-none-eabi/lib/libc.a(lib_a-fwalk.o)
 .debug_frame   0x000009e4       0xb0 C:\cygwin\arm-none-eabi/arm-none-eabi/lib/libc.a(lib_a-lock.o)
 .debug_frame   0x00000a94       0x84 C:\cygwin\arm-none-eabi/arm-none-eabi/lib/libc.a(lib_a-mallocr.o)
 .debug_frame   0x00000b18       0x30 C:\cygwin\arm-none-eabi/arm-none-eabi/lib/libc.a(lib_a-memset.o)
 .debug_frame   0x00000b48       0x48 C:\cygwin\arm-none-eabi/arm-none-eabi/lib/libc.a(lib_a-mlock.o)
 .debug_frame   0x00000b90       0x3c C:\cygwin\arm-none-eabi/arm-none-eabi/lib/libc.a(lib_a-sbrkr.o)
 .debug_frame   0x00000bcc       0x9c C:\cygwin\arm-none-eabi/arm-none-eabi/lib/libc.a(lib_a-stdio.o)
 .debug_frame   0x00000c68       0x34 C:\cygwin\arm-none-eabi/arm-none-eabi/lib/libc.a(lib_a-writer.o)
 .debug_frame   0x00000c9c       0x34 C:\cygwin\arm-none-eabi/arm-none-eabi/lib/libc.a(lib_a-closer.o)
 .debug_frame   0x00000cd0       0x58 C:\cygwin\arm-none-eabi/arm-none-eabi/lib/libc.a(lib_a-fclose.o)
 .debug_frame   0x00000d28       0xa4 C:\cygwin\arm-none-eabi/arm-none-eabi/lib/libc.a(lib_a-fflush.o)
 .debug_frame   0x00000dcc       0x70 C:\cygwin\arm-none-eabi/arm-none-eabi/lib/libc.a(lib_a-freer.o)
 .debug_frame   0x00000e3c       0x34 C:\cygwin\arm-none-eabi/arm-none-eabi/lib/libc.a(lib_a-lseekr.o)
 .debug_frame   0x00000e70       0x34 C:\cygwin\arm-none-eabi/arm-none-eabi/lib/libc.a(lib_a-readr.o)
 .debug_frame   0x00000ea4       0x64 C:\cygwin\arm-none-eabi/arm-none-eabi/lib/libc.a(lib_a-reent.o)
 .debug_frame   0x00000f08       0xac C:\cygwin\arm-none-eabi/lib/gcc/arm-none-eabi/6.3.1/libgcc.a(_arm_addsubdf3.o)
 .debug_frame   0x00000fb4       0x50 C:\cygwin\arm-none-eabi/lib/gcc/arm-none-eabi/6.3.1/libgcc.a(_arm_muldivdf3.o)
 .debug_frame   0x00001004       0x24 C:\cygwin\arm-none-eabi/lib/gcc/arm-none-eabi/6.3.1/libgcc.a(_arm_fixunsdfsi.o)
