
Memory Configuration

Name             Origin             Length             Attributes
CODE             0x30000000         0x04000000         rw
_ISR_START       0x33ffff00         0x00000100         rw
*default*        0x00000000         0xffffffff

Linker script and memory map


.text           0x30000000       0xd8
 *s3c2450_startup.o(.text)
 .text          0x30000000       0xd8 s3c2450_startup.o
                0x30000000                _start
 *(.text)
                0x300000d8                . = ALIGN (0x4)

.glue_7         0x300000d8        0x0
 .glue_7        0x300000d8        0x0 linker stubs

.glue_7t        0x300000d8        0x0
 .glue_7t       0x300000d8        0x0 linker stubs

.vfp11_veneer   0x300000d8        0x0
 .vfp11_veneer  0x300000d8        0x0 linker stubs

.v4_bx          0x300000d8        0x0
 .v4_bx         0x300000d8        0x0 linker stubs

.iplt           0x300000d8        0x0
 .iplt          0x300000d8        0x0 s3c2450_startup.o

.rel.dyn        0x300000d8        0x0
 .rel.iplt      0x300000d8        0x0 s3c2450_startup.o

.rodata         0x00000000        0x0
                0x00000000                rodata_start_addr = .
 *(.rodata)
 *(.rodata.*)
                0x00000000                . = ALIGN (0x4)
                0x00000000                rodata_end_addr = .

.data           0x300000d8        0x0
                0x300000d8                data_start_addr = .
                0x300000d8                __DATA_START__ = .
 *(.data)
 .data          0x300000d8        0x0 s3c2450_startup.o
 *(.data.*)
                0x300000d8                . = ALIGN (0x8)
                0x300000d8                data_end_addr = .
                0x300000d8                __DATA_END__ = .

.igot.plt       0x300000d8        0x0
 .igot.plt      0x300000d8        0x0 s3c2450_startup.o

.bss            0x300000d8        0x0
                0x300000d8                bss_start_addr = .
                0x300000d8                __BSS_START__ = .
 *(.bss)
 .bss           0x300000d8        0x0 s3c2450_startup.o
 *(.bss.*)
 *(COMMON)
                0x300000d8                . = ALIGN (0x8)
                0x300000d8                bss_end_addr = .
                0x300000d8                __BSS_END__ = .
                0x300000d8                end = .
                [!provide]                PROVIDE (end, .)

.int_vec
 s3c2450_startup.o(int_vect)
LOAD s3c2450_startup.o
LOAD C:\cygwin\arm-none-eabi/arm-none-eabi/lib/libc.a
LOAD C:\cygwin\arm-none-eabi/lib/gcc/arm-none-eabi/6.3.1/libgcc.a
OUTPUT(MDS2450 elf32-littlearm)

.ARM.attributes
                0x00000000       0x1a
 .ARM.attributes
                0x00000000       0x1a s3c2450_startup.o

.debug_line     0x00000000       0x7c
 .debug_line    0x00000000       0x7c s3c2450_startup.o

.debug_info     0x00000000       0x6d
 .debug_info    0x00000000       0x6d s3c2450_startup.o

.debug_abbrev   0x00000000       0x14
 .debug_abbrev  0x00000000       0x14 s3c2450_startup.o

.debug_aranges  0x00000000       0x20
 .debug_aranges
                0x00000000       0x20 s3c2450_startup.o
