
Memory Configuration

Name             Origin             Length             Attributes
CODE             0x30000000         0x04000000         rw
_ISR_START       0x33ffff00         0x00000100         rw
*default*        0x00000000         0xffffffff

Linker script and memory map


.text           0x30000000      0x3f8
 *s3c2450_startup.o(.text)
 .text          0x30000000      0x2e0 s3c2450_startup.o
                0x30000000                _start
                0x300000b0                ResetHandler
                0x300001c0                IsrIRQ
 *(.text)
 .text          0x300002e0      0x118 Main.o
                0x300002e0                Main
                0x30000310                LED_Port_Init
                0x30000358                LED_ON_Off
                0x300003f8                . = ALIGN (0x4)

.glue_7         0x300003f8        0x0
 .glue_7        0x300003f8        0x0 linker stubs

.glue_7t        0x300003f8        0x0
 .glue_7t       0x300003f8        0x0 linker stubs

.vfp11_veneer   0x300003f8        0x0
 .vfp11_veneer  0x300003f8        0x0 linker stubs

.v4_bx          0x300003f8        0x0
 .v4_bx         0x300003f8        0x0 linker stubs

.iplt           0x300003f8        0x0
 .iplt          0x300003f8        0x0 s3c2450_startup.o

.rel.dyn        0x300003f8        0x0
 .rel.iplt      0x300003f8        0x0 s3c2450_startup.o

.rodata         0x00000000        0x0
                0x00000000                rodata_start_addr = .
 *(.rodata)
 *(.rodata.*)
                0x00000000                . = ALIGN (0x4)
                0x00000000                rodata_end_addr = .

.data           0x300003f8        0x0
                0x300003f8                data_start_addr = .
                0x300003f8                __DATA_START__ = .
 *(.data)
 .data          0x300003f8        0x0 s3c2450_startup.o
 .data          0x300003f8        0x0 Main.o
 *(.data.*)
                0x300003f8                . = ALIGN (0x8)
                0x300003f8                data_end_addr = .
                0x300003f8                __DATA_END__ = .

.igot.plt       0x300003f8        0x0
 .igot.plt      0x300003f8        0x0 s3c2450_startup.o

.bss            0x300003f8        0x0
                0x300003f8                bss_start_addr = .
                0x300003f8                __BSS_START__ = .
 *(.bss)
 .bss           0x300003f8        0x0 s3c2450_startup.o
 .bss           0x300003f8        0x0 Main.o
 *(.bss.*)
 *(COMMON)
                0x300003f8                . = ALIGN (0x8)
                0x300003f8                bss_end_addr = .
                0x300003f8                __BSS_END__ = .
                0x300003f8                end = .
                [!provide]                PROVIDE (end, .)

.int_vec        0x33ffff00       0x24
 s3c2450_startup.o(int_vect)
 int_vect       0x33ffff00       0x24 s3c2450_startup.o
LOAD Main.o
LOAD s3c2450_startup.o
LOAD C:\cygwin\arm-none-eabi/arm-none-eabi/lib/libc.a
LOAD C:\cygwin\arm-none-eabi/lib/gcc/arm-none-eabi/6.3.1/libgcc.a
OUTPUT(MDS2450 elf32-littlearm)

.ARM.attributes
                0x00000000       0x26
 .ARM.attributes
                0x00000000       0x1a s3c2450_startup.o
 .ARM.attributes
                0x0000001a       0x2a Main.o

.comment        0x00000000       0x7f
 .comment       0x00000000       0x7f Main.o
                                 0x80 (size before relaxing)

.debug_line     0x00000000      0x154
 .debug_line    0x00000000       0xe7 s3c2450_startup.o
 .debug_line    0x000000e7       0x6d Main.o

.debug_info     0x00000000       0xe9
 .debug_info    0x00000000       0x6b s3c2450_startup.o
 .debug_info    0x0000006b       0x7e Main.o

.debug_abbrev   0x00000000       0x8a
 .debug_abbrev  0x00000000       0x14 s3c2450_startup.o
 .debug_abbrev  0x00000014       0x76 Main.o

.debug_aranges  0x00000000       0x40
 .debug_aranges
                0x00000000       0x20 s3c2450_startup.o
 .debug_aranges
                0x00000020       0x20 Main.o

.debug_str      0x00000000       0xf9
 .debug_str     0x00000000       0xf9 Main.o

.debug_frame    0x00000000       0x84
 .debug_frame   0x00000000       0x84 Main.o
